/Users/samarinasarwarsachi/STM32CubeIDE/workspace_2.1.0/PWMGen_LEDBrightnessControl_4A_NOHAL/Drivers/CMSIS/Include/core_cm4.h:1684:22:__NVIC_EnableIRQ	2
/Users/samarinasarwarsachi/STM32CubeIDE/workspace_2.1.0/PWMGen_LEDBrightnessControl_4A_NOHAL/Drivers/CMSIS/Include/core_cm4.h:1814:22:__NVIC_SetPriority	2
../Src/main.c:64:13:SineLUT_Init	2
../Src/main.c:77:6:SystemClock_Config	6
../Src/main.c:124:13:USART2_Init	1
../Src/main.c:145:13:USART2_SendString	4
../Src/main.c:161:13:TIM2_Init	1
../Src/main.c:179:6:TIM2_IRQHandler	2
../Src/main.c:187:13:delay_ms	2
../Src/main.c:209:13:TIM3_PWM_Init	1
../Src/main.c:271:13:PWM_SetDuty	2
../Src/main.c:280:5:main	4
