/Users/samarinasarwarsachi/STM32CubeIDE/workspace_2.1.0/WS2812B_RGB_LED_5A_NOHAL/Drivers/CMSIS/Include/core_cm4.h:1684:22:__NVIC_EnableIRQ	2
/Users/samarinasarwarsachi/STM32CubeIDE/workspace_2.1.0/WS2812B_RGB_LED_5A_NOHAL/Drivers/CMSIS/Include/core_cm4.h:1814:22:__NVIC_SetPriority	2
../Src/main.c:66:13:GPIO_WS_Init	1
../Src/main.c:97:13:TIM1_WS_Init	1
../Src/main.c:135:13:DMA2_WS_Init	2
../Src/main.c:194:6:DMA2_Stream1_IRQHandler	2
../Src/main.c:226:13:WS2812B_Send	7
../Src/main.c:287:13:WS2812_SetAll	2
../Src/main.c:297:13:WS2812_SetHue	7
../Src/main.c:342:5:main	6
