C:/Users/shuch/STM32CubeIDE/workspace_2.1.0/Lab-4A Uart receive interrupt/Drivers/CMSIS/Include/core_cm4.h:1684:22:__NVIC_EnableIRQ	16	static,ignoring_inline_asm
C:/Users/shuch/STM32CubeIDE/workspace_2.1.0/Lab-4A Uart receive interrupt/Drivers/CMSIS/Include/core_cm4.h:1814:22:__NVIC_SetPriority	16	static
../Src/main.c:19:6:SystemClock_Config	4	static
../Src/main.c:79:6:USART2_Init	8	static,ignoring_inline_asm
../Src/main.c:112:6:USART2_IRQHandler	16	static
../Src/main.c:125:6:USART2_SendString	16	static
../Src/main.c:133:5:main	288	static
