22:10:35 **** Build of configuration Debug for project Lab-2A ****
make -j22 all 
arm-none-eabi-gcc -mcpu=cortex-m4 -g3 -DDEBUG -c -I"C:/Users/shuch/STM32CubeIDE/workspace_2.1.0/Lab-2A/Inc" -I"C:/Users/shuch/STM32CubeIDE/workspace_2.1.0/Lab-2A/Drivers/CMSIS/Device/ST/STM32F4xx/Include" -I"C:/Users/shuch/STM32CubeIDE/workspace_2.1.0/Lab-2A/Drivers/CMSIS/Include" -x assembler-with-cpp -MMD -MP -MF"Startup/startup_stm32f446retx.d" -MT"Startup/startup_stm32f446retx.o" --specs=nano.specs -mfpu=fpv4-sp-d16 -mfloat-abi=hard -mthumb -o "Startup/startup_stm32f446retx.o" "../Startup/startup_stm32f446retx.s"
arm-none-eabi-gcc "../Src/main.c" -mcpu=cortex-m4 -std=gnu11 -g3 -DDEBUG -DSTM32 -DSTM32F4 -DSTM32F446RETx -DNUCLEO_F446RE -c -I../Inc -I"C:/Users/shuch/STM32CubeIDE/workspace_2.1.0/Lab-2A/Drivers/CMSIS/Device/ST/STM32F4xx/Include" -I"C:/Users/shuch/STM32CubeIDE/workspace_2.1.0/Lab-2A/Drivers/CMSIS/Include" -O0 -ffunction-sections -fdata-sections -Wall -fstack-usage -fcyclomatic-complexity -MMD -MP -MF"Src/main.d" -MT"Src/main.o" --specs=nano.specs -mfpu=fpv4-sp-d16 -mfloat-abi=hard -mthumb -o "Src/main.o"
arm-none-eabi-gcc "../Src/syscalls.c" -mcpu=cortex-m4 -std=gnu11 -g3 -DDEBUG -DSTM32 -DSTM32F4 -DSTM32F446RETx -DNUCLEO_F446RE -c -I../Inc -I"C:/Users/shuch/STM32CubeIDE/workspace_2.1.0/Lab-2A/Drivers/CMSIS/Device/ST/STM32F4xx/Include" -I"C:/Users/shuch/STM32CubeIDE/workspace_2.1.0/Lab-2A/Drivers/CMSIS/Include" -O0 -ffunction-sections -fdata-sections -Wall -fstack-usage -fcyclomatic-complexity -MMD -MP -MF"Src/syscalls.d" -MT"Src/syscalls.o" --specs=nano.specs -mfpu=fpv4-sp-d16 -mfloat-abi=hard -mthumb -o "Src/syscalls.o"
arm-none-eabi-gcc "../Src/sysmem.c" -mcpu=cortex-m4 -std=gnu11 -g3 -DDEBUG -DSTM32 -DSTM32F4 -DSTM32F446RETx -DNUCLEO_F446RE -c -I../Inc -I"C:/Users/shuch/STM32CubeIDE/workspace_2.1.0/Lab-2A/Drivers/CMSIS/Device/ST/STM32F4xx/Include" -I"C:/Users/shuch/STM32CubeIDE/workspace_2.1.0/Lab-2A/Drivers/CMSIS/Include" -O0 -ffunction-sections -fdata-sections -Wall -fstack-usage -fcyclomatic-complexity -MMD -MP -MF"Src/sysmem.d" -MT"Src/sysmem.o" --specs=nano.specs -mfpu=fpv4-sp-d16 -mfloat-abi=hard -mthumb -o "Src/sysmem.o"
arm-none-eabi-gcc -o "Lab-2A.elf" @"objects.list"   -mcpu=cortex-m4 -T"C:\Users\shuch\STM32CubeIDE\workspace_2.1.0\Lab-2A\STM32F446RETX_FLASH.ld" --specs=nosys.specs -Wl,-Map="Lab-2A.map" -Wl,--gc-sections -static --specs=nano.specs -mfpu=fpv4-sp-d16 -mfloat-abi=hard -mthumb -Wl,--start-group -lc -lm -Wl,--end-group
Finished building target: Lab-2A.elf
 
arm-none-eabi-size  Lab-2A.elf 
arm-none-eabi-objdump -h -S Lab-2A.elf  > "Lab-2A.list"
   text	   data	    bss	    dec	    hex	filename
   1440	      0	   1568	   3008	    bc0	Lab-2A.elf
Finished building: default.size.stdout
 
Finished building: Lab-2A.list
 

22:10:36 Build Finished. 0 errors, 0 warnings. (took 722ms)

